# $Id$

HEIMDAL_TPM2_0.1 {
	global:
		htpm2_context_init;
		htpm2_context_free;
		htpm2_result_free;
		htpm2_result_prepend;
		htpm2_is_ok;
		htpm2_is_err;
		htpm2_transport_open;
		htpm2_transport_close;
		htpm2_transport_get_read_fd;
		htpm2_transport_get_write_fd;
		htpm2_transport_register;
		htpm2_session_start;
		htpm2_session_close;
		htpm2_session_get_policy_digest;
		htpm2_create_primary;
		htpm2_create;
		htpm2_load;
		htpm2_read_public;
		htpm2_object_get_public;
		htpm2_object_get_private;
		htpm2_object_get_name;
		htpm2_object_close;
		htpm2_evict_control;
		htpm2_context_save;
		htpm2_context_load;
		htpm2_import;
		htpm2_duplicate;
		htpm2_duplicate_software;
		htpm2_sign;
		htpm2_verify_signature;
		htpm2_quote;
		htpm2_certify;
		htpm2_certify_creation;
		htpm2_certify_x509;
		htpm2_rsa_decrypt;
		htpm2_ecdh_zgen;
		htpm2_make_credential;
		htpm2_activate_credential;
		htpm2_pcr_read;
		htpm2_pcr_extend;
		htpm2_get_random;
		htpm2_hash;
		htpm2_pcr_selection_create;
		htpm2_pcr_selection_add;
		htpm2_pcr_selection_encode;
		htpm2_pcr_selection_free;
		htpm2_policy_pcr;
		htpm2_policy_command_code;
		htpm2_policy_authorize;
		htpm2_policy_signed;
		htpm2_policy_secret;
		htpm2_policy_or;
		htpm2_encrypt_to;
		htpm2_encrypt_to_result_free;
		htpm2_decrypt_from;
		htpm2_free;
	local:
		*;
};
