# $Id$

HEIMDAL_TPM2_0.1 {
	global:
		htpm2_context_init;
		htpm2_context_free;
		htpm2_result_free;
		htpm2_result_prepend;
		htpm2_is_ok;
		htpm2_is_err;
		htpm2_transport_open;
		htpm2_transport_close;
		htpm2_transport_get_read_fd;
		htpm2_transport_get_write_fd;
		htpm2_transport_register;
		htpm2_session_start;
		htpm2_session_close;
		htpm2_session_get_policy_digest;
		htpm2_create_primary;
		htpm2_create;
		htpm2_load;
		htpm2_read_public;
		htpm2_object_get_public;
		htpm2_object_get_private;
		htpm2_object_get_name;
		htpm2_object_close;
		htpm2_evict_control;
		htpm2_context_save;
		htpm2_context_load;
		htpm2_import;
		htpm2_duplicate;
		htpm2_duplicate_software;
		htpm2_sign;
		htpm2_verify_signature;
		htpm2_quote;
		htpm2_certify;
		htpm2_certify_creation;
		htpm2_certify_x509;
		htpm2_rsa_decrypt;
		htpm2_ecdh_zgen;
		htpm2_make_credential;
		htpm2_activate_credential;
		htpm2_pcr_read;
		htpm2_pcr_extend;
		htpm2_get_random;
		htpm2_hash;
		htpm2_pcr_selection_create;
		htpm2_pcr_selection_add;
		htpm2_pcr_selection_encode;
		htpm2_pcr_selection_free;
		htpm2_policy_pcr;
		htpm2_policy_command_code;
		htpm2_policy_authorize;
		htpm2_policy_signed;
		htpm2_policy_secret;
		htpm2_policy_or;
		htpm2_wellknown_key_template;
		htpm2_wellknown_key_create;
		htpm2_owner_key_create;
		htpm2_encrypt_to;
		htpm2_encrypt_to_result_free;
		htpm2_envelope_open;
		htpm2_envelope_open_tpm;
		htpm2_quote_verify;
		htpm2_free;
		htpm2_random_bytes;
		htpm2_hmac_sha256;
		htpm2_sha256;
		htpm2_kdfa;
		htpm2_aes_cfb_encrypt;
		htpm2_aes_cfb_decrypt;
		htpm2_rsa_oaep_encrypt;
		htpm2_derive_param_key;
		htpm2_ecc_salt;
		htpm2_kdfe;
		htpm2_pcrdb_open;
		htpm2_pcrdb_close;
		htpm2_pcrdb_lookup;
		htpm2_pcrdb_add;
		htpm2_pcr_policy_parse;
		htpm2_eventlog_parse_tcg;
		htpm2_eventlog_free;
		htpm2_eventlog_validate;
		htpm2_validation_report_free;
		htpm2_policy_parse;
		htpm2_policy_doc_free;
		htpm2_policy_compile;
		htpm2_policy_evaluate;
		htpm2_command_execute;
		htpm2_command_execute_with_auth;
		htpm2_marshal_cmd_header;
		htpm2_marshal_fixup_size;
		htpm2_marshal_tpm2b;
		htpm2_unmarshal_tpm2b;
		htpm2_unmarshal_rsp_header;
		htpm2_startup;
		htpm2_object_alloc;
		htpm2_object_set_pub;
		htpm2_object_set_priv;
		htpm2_object_set_name;
		htpm2_object_set_auth;
		htpm2_object_get_handle;
		htpm2_object_get_transport;
		htpm2_object_get_auth_internal;
		htpm2_transport_send_recv;
		htpm2_session_get_handle;
		htpm2_session_get_transport;
		htpm2_session_get_nonce_caller;
		htpm2_session_get_nonce_tpm;
		htpm2_session_set_nonce_tpm;
		htpm2_session_refresh_nonce_caller;
		htpm2_session_get_flags;
		htpm2_session_get_session_key;
		htpm2_session_get_bind_auth;
		htpm2_compute_cp_hash;
		htpm2_compute_rp_hash;
		htpm2_compute_session_hmac;
		htpm2_marshal_auth_area;
		htpm2_marshal_key_template;
		htpm2_wellknown_key_template;
	local:
		*;
};
